{
    "Summary_two_merged": {
        "content": [
            [
                "VcfFile [chromosomes=[chr22], sampleCount=2, variantCount=572, phased=true, phasedAutodetect=false]",
                "VcfFile [chromosomes=[chr22], sampleCount=2, variantCount=570, phased=true, phasedAutodetect=false]"
            ]
        ],
        "meta": {
            "nf-test": "0.8.4",
            "nextflow": "24.04.4"
        },
        "timestamp": "2024-10-15T20:00:44.163346211"
    },
    "Impute with quilt one individuals": {
        "content": [
            {
                "0": [
                    [
                        {
                            "id": "all",
                            "metas": [
                                {
                                    "id": "NA12878"
                                }
                            ],
                            "panel": "1000GP",
                            "chr": "22",
                            "chunk": "16570065-16597215",
                            "tools": "quilt"
                        },
                        "all_22_16570065-16597215.impute.annotate.vcf.gz:md5,07016f1c2868ff055cda46741e897d8d",
                        "all_22_16570065-16597215.impute.annotate.vcf.gz.tbi:md5,f668f1f8308eb2d8aeae52871d496cf4"
                    ],
                    [
                        {
                            "id": "all",
                            "metas": [
                                {
                                    "id": "NA12878"
                                }
                            ],
                            "panel": "1000GP",
                            "chr": "22",
                            "chunk": "16587172-16609999",
                            "tools": "quilt"
                        },
                        "all_22_16587172-16609999.impute.annotate.vcf.gz:md5,e62bc794624cabf26e2e133009d3bc39",
                        "all_22_16587172-16609999.impute.annotate.vcf.gz.tbi:md5,9eb3329cfc035f61ec26a68c1ecc2457"
                    ]
                ],
                "1": [
                    "versions.yml:md5,ac2d0f2a8e77cd796d3b4b84fdd46b0d",
                    "versions.yml:md5,cb038a1f67a47a76d0e0a983cfd56789"
                ],
                "vcf_tbi": [
                    [
                        {
                            "id": "all",
                            "metas": [
                                {
                                    "id": "NA12878"
                                }
                            ],
                            "panel": "1000GP",
                            "chr": "22",
                            "chunk": "16570065-16597215",
                            "tools": "quilt"
                        },
                        "all_22_16570065-16597215.impute.annotate.vcf.gz:md5,07016f1c2868ff055cda46741e897d8d",
                        "all_22_16570065-16597215.impute.annotate.vcf.gz.tbi:md5,f668f1f8308eb2d8aeae52871d496cf4"
                    ],
                    [
                        {
                            "id": "all",
                            "metas": [
                                {
                                    "id": "NA12878"
                                }
                            ],
                            "panel": "1000GP",
                            "chr": "22",
                            "chunk": "16587172-16609999",
                            "tools": "quilt"
                        },
                        "all_22_16587172-16609999.impute.annotate.vcf.gz:md5,e62bc794624cabf26e2e133009d3bc39",
                        "all_22_16587172-16609999.impute.annotate.vcf.gz.tbi:md5,9eb3329cfc035f61ec26a68c1ecc2457"
                    ]
                ],
                "versions": [
                    "versions.yml:md5,ac2d0f2a8e77cd796d3b4b84fdd46b0d",
                    "versions.yml:md5,cb038a1f67a47a76d0e0a983cfd56789"
                ]
            }
        ],
        "meta": {
            "nf-test": "0.8.4",
            "nextflow": "24.04.4"
        },
        "timestamp": "2024-10-15T20:08:59.438126764"
    },
    "Summary_one": {
        "content": [
            [
                "VcfFile [chromosomes=[chr22], sampleCount=1, variantCount=572, phased=true, phasedAutodetect=false]",
                "VcfFile [chromosomes=[chr22], sampleCount=1, variantCount=570, phased=true, phasedAutodetect=false]"
            ]
        ],
        "meta": {
            "nf-test": "0.8.4",
            "nextflow": "24.04.4"
        },
        "timestamp": "2024-10-15T20:05:13.062670619"
    },
    "Impute with quilt two individuals": {
        "content": [
            {
                "0": [
                    [
                        {
                            "id": "all",
                            "metas": [
                                {
                                    "id": "NA12878"
                                },
                                {
                                    "id": "NA19401"
                                }
                            ],
                            "panel": "1000GP",
                            "chr": "22",
                            "chunk": "16570065-16597215",
                            "tools": "quilt"
                        },
                        "all_22_16570065-16597215.impute.annotate.vcf.gz:md5,ba2623c16adec2fc9ff7aa7211fb92b5",
                        "all_22_16570065-16597215.impute.annotate.vcf.gz.tbi:md5,fd2ab3c90342ed70566a08d848e3d736"
                    ],
                    [
                        {
                            "id": "all",
                            "metas": [
                                {
                                    "id": "NA12878"
                                },
                                {
                                    "id": "NA19401"
                                }
                            ],
                            "panel": "1000GP",
                            "chr": "22",
                            "chunk": "16587172-16609999",
                            "tools": "quilt"
                        },
                        "all_22_16587172-16609999.impute.annotate.vcf.gz:md5,f158aa492dfa4966a28b44b99cd7beb1",
                        "all_22_16587172-16609999.impute.annotate.vcf.gz.tbi:md5,d3a6b0077504e48aadaa15d179733ffb"
                    ]
                ],
                "1": [
                    "versions.yml:md5,ac2d0f2a8e77cd796d3b4b84fdd46b0d",
                    "versions.yml:md5,cb038a1f67a47a76d0e0a983cfd56789"
                ],
                "vcf_tbi": [
                    [
                        {
                            "id": "all",
                            "metas": [
                                {
                                    "id": "NA12878"
                                },
                                {
                                    "id": "NA19401"
                                }
                            ],
                            "panel": "1000GP",
                            "chr": "22",
                            "chunk": "16570065-16597215",
                            "tools": "quilt"
                        },
                        "all_22_16570065-16597215.impute.annotate.vcf.gz:md5,ba2623c16adec2fc9ff7aa7211fb92b5",
                        "all_22_16570065-16597215.impute.annotate.vcf.gz.tbi:md5,fd2ab3c90342ed70566a08d848e3d736"
                    ],
                    [
                        {
                            "id": "all",
                            "metas": [
                                {
                                    "id": "NA12878"
                                },
                                {
                                    "id": "NA19401"
                                }
                            ],
                            "panel": "1000GP",
                            "chr": "22",
                            "chunk": "16587172-16609999",
                            "tools": "quilt"
                        },
                        "all_22_16587172-16609999.impute.annotate.vcf.gz:md5,f158aa492dfa4966a28b44b99cd7beb1",
                        "all_22_16587172-16609999.impute.annotate.vcf.gz.tbi:md5,d3a6b0077504e48aadaa15d179733ffb"
                    ]
                ],
                "versions": [
                    "versions.yml:md5,ac2d0f2a8e77cd796d3b4b84fdd46b0d",
                    "versions.yml:md5,cb038a1f67a47a76d0e0a983cfd56789"
                ]
            }
        ],
        "meta": {
            "nf-test": "0.8.4",
            "nextflow": "24.04.4"
        },
        "timestamp": "2024-10-15T20:08:24.300458322"
    }
}